C:\Users\Admin\OneDrive\Desktop\ERMS\Backend\src\main\java\com\erms\order_entity.java
C:\Users\Admin\OneDrive\Desktop\ERMS\Backend\src\main\java\com\erms\user_entity.java
C:\Users\Admin\OneDrive\Desktop\ERMS\Backend\src\main\java\com\erms\ErmsApplication.java
C:\Users\Admin\OneDrive\Desktop\ERMS\Backend\src\main\java\com\erms\menu_repository.java
C:\Users\Admin\OneDrive\Desktop\ERMS\Backend\src\main\java\com\erms\order_repository.java
C:\Users\Admin\OneDrive\Desktop\ERMS\Backend\src\main\java\com\erms\order_controller.java
C:\Users\Admin\OneDrive\Desktop\ERMS\Backend\src\main\java\com\erms\menu_entity.java
C:\Users\Admin\OneDrive\Desktop\ERMS\Backend\src\main\java\com\erms\WebConfig.java
C:\Users\Admin\OneDrive\Desktop\ERMS\Backend\src\main\java\com\erms\auth_controller.java
C:\Users\Admin\OneDrive\Desktop\ERMS\Backend\src\main\java\com\erms\SecurityConfig.java
C:\Users\Admin\OneDrive\Desktop\ERMS\Backend\src\main\java\com\erms\menu_controller.java
C:\Users\Admin\OneDrive\Desktop\ERMS\Backend\src\main\java\com\erms\user_repository.java
